2026-03-10 19:03:21 - [INFO    ] - ======================================================================
2026-03-10 19:03:21 - [INFO    ] -   INICIANDO PREDICCIÓN DE FALLO DE MÁQUINA — GRADIENT BOOSTING
2026-03-10 19:03:21 - [INFO    ] - ======================================================================
2026-03-10 19:03:21 - [INFO    ] - 📁 Archivo de log: ./outputs/ejecucion_20260310_190321.log
2026-03-10 19:03:21 - [INFO    ] - 
[PASO 1] Importando librerías...
2026-03-10 19:03:22 - [INFO    ] - ✅ Todas las librerías importadas correctamente
2026-03-10 19:03:22 - [DEBUG   ] -    NumPy v2.4.3
2026-03-10 19:03:22 - [DEBUG   ] -    Pandas v3.0.1
2026-03-10 19:03:22 - [DEBUG   ] -    Scikit-learn: OK
2026-03-10 19:03:22 - [INFO    ] - 
[PASO 2] Generando datos simulados de sensores...
2026-03-10 19:03:22 - [DEBUG   ] -    Creando dataset de operación NORMAL (400 registros)...
2026-03-10 19:03:22 - [DEBUG   ] -    Creando dataset de situación de FALLO (100 registros)...
2026-03-10 19:03:22 - [DEBUG   ] -    Mezclando datos aleatoriamente...
2026-03-10 19:03:22 - [INFO    ] - ✅ Dataset generado: 500 registros
2026-03-10 19:03:22 - [INFO    ] -    • Operación normal : 400 registros (80.0%)
2026-03-10 19:03:22 - [INFO    ] -    • Con fallo        : 100 registros (20.0%)
2026-03-10 19:03:22 - [INFO    ] - 
[PASO 3] Separando variables de entrada y objetivo...
2026-03-10 19:03:22 - [INFO    ] - ✅ Variables de entrada (X):
2026-03-10 19:03:22 - [DEBUG   ] -    • temperatura: min=57.47, max=115.16, media=74.89
2026-03-10 19:03:22 - [DEBUG   ] -    • vibracion: min=2.71, max=10.88, media=4.85
2026-03-10 19:03:22 - [DEBUG   ] -    • presion_aceite: min=2.18, max=5.83, media=4.62
2026-03-10 19:03:22 - [DEBUG   ] -    • rpm: min=1367.80, max=2082.15, media=1562.73
2026-03-10 19:03:22 - [INFO    ] - ✅ Variable objetivo (y): 'fallo' → 0=Normal | 1=Fallo
2026-03-10 19:03:22 - [INFO    ] - 
[PASO 4] Dividiendo datos en entrenamiento (80%) y prueba (20%)...
2026-03-10 19:03:22 - [INFO    ] - ✅ División completada:
2026-03-10 19:03:22 - [INFO    ] -    • Train (entrena) : 400 registros (80%)
2026-03-10 19:03:22 - [INFO    ] -    • Test  (evalúa)  : 100 registros (20%)
2026-03-10 19:03:22 - [DEBUG   ] -    • Clases en train: 320 normal, 80 fallo
2026-03-10 19:03:22 - [DEBUG   ] -    • Clases en test : 80 normal, 20 fallo
2026-03-10 19:03:22 - [INFO    ] - 
[PASO 5] Creando y entrenando modelo Gradient Boosting...
2026-03-10 19:03:22 - [DEBUG   ] -    Parámetros del modelo:
2026-03-10 19:03:22 - [DEBUG   ] -    • n_estimators: 100
2026-03-10 19:03:22 - [DEBUG   ] -    • learning_rate: 0.1
2026-03-10 19:03:22 - [DEBUG   ] -    • max_depth: 4
2026-03-10 19:03:22 - [DEBUG   ] -    Iniciando entrenamiento...
2026-03-10 19:03:22 - [INFO    ] - ✅ Modelo entrenado exitosamente
2026-03-10 19:03:22 - [INFO    ] - 
[PASO 6] Evaluando el modelo en datos de prueba...
2026-03-10 19:03:22 - [INFO    ] - ✅ Métricas del modelo:
2026-03-10 19:03:22 - [INFO    ] -    • Exactitud (Accuracy)  : 100.00%
2026-03-10 19:03:22 - [INFO    ] -    • Precisión (Precision) : 100.00%
2026-03-10 19:03:22 - [INFO    ] -    • Sensibilidad (Recall) : 100.00%
2026-03-10 19:03:22 - [INFO    ] -    • F1-Score              : 1.0000
2026-03-10 19:03:22 - [DEBUG   ] - 
📊 REPORTE DETALLADO DE CLASIFICACIÓN:
2026-03-10 19:03:22 - [DEBUG   ] - 
              precision    recall  f1-score   support

  Normal (0)       1.00      1.00      1.00        80
   Fallo (1)       1.00      1.00      1.00        20

    accuracy                           1.00       100
   macro avg       1.00      1.00      1.00       100
weighted avg       1.00      1.00      1.00       100

2026-03-10 19:03:22 - [INFO    ] - 
[PASO 7] Realizando predicción con nueva lectura de sensores...
2026-03-10 19:03:22 - [INFO    ] - 📊 Datos de entrada:
2026-03-10 19:03:22 - [INFO    ] -    • Temperatura    : 92°C  (normal: ~70°C)
2026-03-10 19:03:22 - [INFO    ] -    • Vibración      : 7.8 Hz  (normal: ~4 Hz)
2026-03-10 19:03:22 - [INFO    ] -    • Presión aceite : 3.5 bar (normal: ~5 bar)
2026-03-10 19:03:22 - [INFO    ] -    • RPM            : 1750     (normal: ~1500)
2026-03-10 19:03:22 - [INFO    ] - 
🔮 Resultado de la predicción:
2026-03-10 19:03:22 - [INFO    ] -    • Estado predicho         : ❌ FALLO DETECTADO
2026-03-10 19:03:22 - [INFO    ] -    • Probabilidad de fallo   : 100.00%
2026-03-10 19:03:22 - [INFO    ] -    • Probabilidad de normalidad : 0.00%
2026-03-10 19:03:22 - [WARNING ] - ⚠️  ACCIÓN: Programar mantenimiento URGENTE
2026-03-10 19:03:22 - [INFO    ] - 
[PASO 8] Calculando importancia de variables...
2026-03-10 19:03:22 - [INFO    ] - ✅ Importancia de variables (sensores más críticos):
2026-03-10 19:03:22 - [INFO    ] -    1. vibracion          ███████████████████████████████████████ 98.46%
2026-03-10 19:03:22 - [INFO    ] -    2. presion_aceite      0.90%
2026-03-10 19:03:22 - [INFO    ] -    3. temperatura         0.65%
2026-03-10 19:03:22 - [INFO    ] -    4. rpm                 -0.00%
2026-03-10 19:03:22 - [INFO    ] - 
[PASO 9] Guardando resultados en archivo JSON...
2026-03-10 19:03:22 - [INFO    ] - ✅ Resultados guardados en: ./outputs/resultados_20260310_190321.json
2026-03-10 19:03:22 - [INFO    ] - 
[PASO 10] Generando gráficos...
2026-03-10 19:03:22 - [DEBUG   ] -    Generando Gráfico 1: Distribución de datos...
2026-03-10 19:03:22 - [DEBUG   ] -    Generando Gráfico 2: Importancia de variables...
2026-03-10 19:03:22 - [DEBUG   ] -    Generando Gráfico 3: Matriz de confusión...
2026-03-10 19:03:22 - [DEBUG   ] -    Generando Gráfico 4: Probabilidad de fallo...
2026-03-10 19:03:22 - [INFO    ] - ✅ Gráfico guardado: ./outputs/resultado_modelo_20260310_190321.png
2026-03-10 19:03:22 - [INFO    ] - 
======================================================================
2026-03-10 19:03:22 - [INFO    ] -   📊 RESUMEN DE LA EJECUCIÓN
2026-03-10 19:03:22 - [INFO    ] - ======================================================================
2026-03-10 19:03:22 - [INFO    ] - Archivos generados:
2026-03-10 19:03:22 - [INFO    ] -   ✅ Log de ejecución    : ./outputs/ejecucion_20260310_190321.log
2026-03-10 19:03:22 - [INFO    ] -   ✅ Resultados JSON     : ./outputs/resultados_20260310_190321.json
2026-03-10 19:03:22 - [INFO    ] -   ✅ Gráficos            : ./outputs/resultado_modelo_20260310_190321.png
2026-03-10 19:03:22 - [INFO    ] - 
Métricas finales:
2026-03-10 19:03:22 - [INFO    ] -   • Accuracy : 100.00%
2026-03-10 19:03:22 - [INFO    ] -   • Precision: 100.00%
2026-03-10 19:03:22 - [INFO    ] -   • Recall   : 100.00%
2026-03-10 19:03:22 - [INFO    ] -   • F1-Score : 1.0000
2026-03-10 19:03:22 - [INFO    ] - 
======================================================================
2026-03-10 19:03:22 - [INFO    ] -   ✅ Script finalizado exitosamente
2026-03-10 19:03:22 - [INFO    ] - ======================================================================
